// Jest Snapshot v1, https://goo.gl/fbAQLP

exports[`<List /> renders by default 1`] = `
<ul
  class=""
/>
`;
